Archive member included to satisfy reference by file (symbol)

c:/program files (x86)/atollic/truestudio for stm32 9.0.1/armtools/bin/../lib/gcc/arm-atollic-eabi/6.3.1/../../../../arm-atollic-eabi/lib/armv7e-m/fpu\libc_nano.a(lib_a-init.o)
                              startup\startup_stm32f401xe.o (__libc_init_array)
c:/program files (x86)/atollic/truestudio for stm32 9.0.1/armtools/bin/../lib/gcc/arm-atollic-eabi/6.3.1/../../../../arm-atollic-eabi/lib/armv7e-m/fpu\libc_nano.a(lib_a-strlen.o)
                              src\tiny_printf.o (strlen)
c:/program files (x86)/atollic/truestudio for stm32 9.0.1/armtools/bin/../lib/gcc/arm-atollic-eabi/6.3.1/armv7e-m/fpu\libgcc.a(_aeabi_uldivmod.o)
                              Drivers\STM32F4xx_HAL_Driver\Src\stm32f4xx_hal_rcc.o (__aeabi_uldivmod)
c:/program files (x86)/atollic/truestudio for stm32 9.0.1/armtools/bin/../lib/gcc/arm-atollic-eabi/6.3.1/armv7e-m/fpu\libgcc.a(_udivmoddi4.o)
                              c:/program files (x86)/atollic/truestudio for stm32 9.0.1/armtools/bin/../lib/gcc/arm-atollic-eabi/6.3.1/armv7e-m/fpu\libgcc.a(_aeabi_uldivmod.o) (__udivmoddi4)
c:/program files (x86)/atollic/truestudio for stm32 9.0.1/armtools/bin/../lib/gcc/arm-atollic-eabi/6.3.1/armv7e-m/fpu\libgcc.a(_dvmd_tls.o)
                              c:/program files (x86)/atollic/truestudio for stm32 9.0.1/armtools/bin/../lib/gcc/arm-atollic-eabi/6.3.1/armv7e-m/fpu\libgcc.a(_aeabi_uldivmod.o) (__aeabi_ldiv0)
c:/program files (x86)/atollic/truestudio for stm32 9.0.1/armtools/bin/../lib/gcc/arm-atollic-eabi/6.3.1/../../../../arm-atollic-eabi/lib/armv7e-m/fpu\libnosys.a(write.o)
                              src\tiny_printf.o (_write)
c:/program files (x86)/atollic/truestudio for stm32 9.0.1/armtools/bin/../lib/gcc/arm-atollic-eabi/6.3.1/../../../../arm-atollic-eabi/lib/armv7e-m/fpu\libnosys.a(errno.o)
                              c:/program files (x86)/atollic/truestudio for stm32 9.0.1/armtools/bin/../lib/gcc/arm-atollic-eabi/6.3.1/../../../../arm-atollic-eabi/lib/armv7e-m/fpu\libnosys.a(write.o) (errno)

Allocating common symbols
Common symbol       size              file

errno               0x4               c:/program files (x86)/atollic/truestudio for stm32 9.0.1/armtools/bin/../lib/gcc/arm-atollic-eabi/6.3.1/../../../../arm-atollic-eabi/lib/armv7e-m/fpu\libnosys.a(errno.o)
uwTick              0x4               Drivers\STM32F4xx_HAL_Driver\Src\stm32f4xx_hal.o
pFlash              0x20              Drivers\STM32F4xx_HAL_Driver\Src\stm32f4xx_hal_flash.o

Discarded input sections

 .text          0x00000000        0x0 c:/program files (x86)/atollic/truestudio for stm32 9.0.1/armtools/bin/../lib/gcc/arm-atollic-eabi/6.3.1/armv7e-m/fpu/crti.o
 .data          0x00000000        0x0 c:/program files (x86)/atollic/truestudio for stm32 9.0.1/armtools/bin/../lib/gcc/arm-atollic-eabi/6.3.1/armv7e-m/fpu/crti.o
 .bss           0x00000000        0x0 c:/program files (x86)/atollic/truestudio for stm32 9.0.1/armtools/bin/../lib/gcc/arm-atollic-eabi/6.3.1/armv7e-m/fpu/crti.o
 .data          0x00000000        0x4 c:/program files (x86)/atollic/truestudio for stm32 9.0.1/armtools/bin/../lib/gcc/arm-atollic-eabi/6.3.1/armv7e-m/fpu/crtbegin.o
 .text          0x00000000        0x0 Drivers\STM32F4xx_HAL_Driver\Src\Legacy\stm32f4xx_hal_can.o
 .data          0x00000000        0x0 Drivers\STM32F4xx_HAL_Driver\Src\Legacy\stm32f4xx_hal_can.o
 .bss           0x00000000        0x0 Drivers\STM32F4xx_HAL_Driver\Src\Legacy\stm32f4xx_hal_can.o
 .debug_info    0x00000000      0x927 Drivers\STM32F4xx_HAL_Driver\Src\Legacy\stm32f4xx_hal_can.o
 .debug_abbrev  0x00000000      0x15c Drivers\STM32F4xx_HAL_Driver\Src\Legacy\stm32f4xx_hal_can.o
 .debug_aranges
                0x00000000       0x18 Drivers\STM32F4xx_HAL_Driver\Src\Legacy\stm32f4xx_hal_can.o
 .debug_line    0x00000000      0x203 Drivers\STM32F4xx_HAL_Driver\Src\Legacy\stm32f4xx_hal_can.o
 .debug_str     0x00000000      0x66b Drivers\STM32F4xx_HAL_Driver\Src\Legacy\stm32f4xx_hal_can.o
 .comment       0x00000000       0x7d Drivers\STM32F4xx_HAL_Driver\Src\Legacy\stm32f4xx_hal_can.o
 .ARM.attributes
                0x00000000       0x39 Drivers\STM32F4xx_HAL_Driver\Src\Legacy\stm32f4xx_hal_can.o
 .text          0x00000000        0x0 Drivers\STM32F4xx_HAL_Driver\Src\stm32f4xx_hal.o
 .data          0x00000000        0x0 Drivers\STM32F4xx_HAL_Driver\Src\stm32f4xx_hal.o
 .bss           0x00000000        0x0 Drivers\STM32F4xx_HAL_Driver\Src\stm32f4xx_hal.o
 .text.HAL_DeInit
                0x00000000       0x58 Drivers\STM32F4xx_HAL_Driver\Src\stm32f4xx_hal.o
 .text.HAL_MspInit
                0x00000000        0xe Drivers\STM32F4xx_HAL_Driver\Src\stm32f4xx_hal.o
 .text.HAL_MspDeInit
                0x00000000        0xe Drivers\STM32F4xx_HAL_Driver\Src\stm32f4xx_hal.o
 .text.HAL_GetTickPrio
                0x00000000       0x18 Drivers\STM32F4xx_HAL_Driver\Src\stm32f4xx_hal.o
 .text.HAL_SetTickFreq
[...]
Memory Configuration

Name             Origin             Length             Attributes
FLASH            0x08000000         0x00080000         xr
RAM              0x20000000         0x00018000         xrw
MEMORY_B1        0x60000000         0x00000000         xr
CCMRAM           0x10000000         0x00010000         rw
*default*        0x00000000         0xffffffff

Linker script and memory map

LOAD c:/program files (x86)/atollic/truestudio for stm32 9.0.1/armtools/bin/../lib/gcc/arm-atollic-eabi/6.3.1/armv7e-m/fpu/crti.o
LOAD c:/program files (x86)/atollic/truestudio for stm32 9.0.1/armtools/bin/../lib/gcc/arm-atollic-eabi/6.3.1/armv7e-m/fpu/crtbegin.o
LOAD Drivers\STM32F4xx_HAL_Driver\Src\Legacy\stm32f4xx_hal_can.o
LOAD Drivers\STM32F4xx_HAL_Driver\Src\stm32f4xx_hal.o
LOAD Drivers\STM32F4xx_HAL_Driver\Src\stm32f4xx_hal_adc.o
LOAD Drivers\STM32F4xx_HAL_Driver\Src\stm32f4xx_hal_adc_ex.o
LOAD Drivers\STM32F4xx_HAL_Driver\Src\stm32f4xx_hal_can.o
LOAD Drivers\STM32F4xx_HAL_Driver\Src\stm32f4xx_hal_cec.o
LOAD Drivers\STM32F4xx_HAL_Driver\Src\stm32f4xx_hal_cortex.o
LOAD Drivers\STM32F4xx_HAL_Driver\Src\stm32f4xx_hal_crc.o
LOAD Drivers\STM32F4xx_HAL_Driver\Src\stm32f4xx_hal_cryp.o
LOAD Drivers\STM32F4xx_HAL_Driver\Src\stm32f4xx_hal_cryp_ex.o
LOAD Drivers\STM32F4xx_HAL_Driver\Src\stm32f4xx_hal_dac.o
LOAD Drivers\STM32F4xx_HAL_Driver\Src\stm32f4xx_hal_dac_ex.o
LOAD Drivers\STM32F4xx_HAL_Driver\Src\stm32f4xx_hal_dcmi.o
LOAD Drivers\STM32F4xx_HAL_Driver\Src\stm32f4xx_hal_dcmi_ex.o
LOAD Drivers\STM32F4xx_HAL_Driver\Src\stm32f4xx_hal_dfsdm.o
LOAD Drivers\STM32F4xx_HAL_Driver\Src\stm32f4xx_hal_dma.o
LOAD Drivers\STM32F4xx_HAL_Driver\Src\stm32f4xx_hal_dma2d.o
LOAD Drivers\STM32F4xx_HAL_Driver\Src\stm32f4xx_hal_dma_ex.o
LOAD Drivers\STM32F4xx_HAL_Driver\Src\stm32f4xx_hal_dsi.o
LOAD Drivers\STM32F4xx_HAL_Driver\Src\stm32f4xx_hal_eth.o
LOAD Drivers\STM32F4xx_HAL_Driver\Src\stm32f4xx_hal_flash.o
LOAD Drivers\STM32F4xx_HAL_Driver\Src\stm32f4xx_hal_flash_ex.o
LOAD Drivers\STM32F4xx_HAL_Driver\Src\stm32f4xx_hal_flash_ramfunc.o
LOAD Drivers\STM32F4xx_HAL_Driver\Src\stm32f4xx_hal_fmpi2c.o
LOAD Drivers\STM32F4xx_HAL_Driver\Src\stm32f4xx_hal_fmpi2c_ex.o
LOAD Drivers\STM32F4xx_HAL_Driver\Src\stm32f4xx_hal_gpio.o
LOAD Drivers\STM32F4xx_HAL_Driver\Src\stm32f4xx_hal_hash.o
LOAD Drivers\STM32F4xx_HAL_Driver\Src\stm32f4xx_hal_hash_ex.o
LOAD Drivers\STM32F4xx_HAL_Driver\Src\stm32f4xx_hal_hcd.o
LOAD Drivers\STM32F4xx_HAL_Driver\Src\stm32f4xx_hal_i2c.o
LOAD Drivers\STM32F4xx_HAL_Driver\Src\stm32f4xx_hal_i2c_ex.o
LOAD Drivers\STM32F4xx_HAL_Driver\Src\stm32f4xx_hal_i2s.o
LOAD Drivers\STM32F4xx_HAL_Driver\Src\stm32f4xx_hal_i2s_ex.o
LOAD Drivers\STM32F4xx_HAL_Driver\Src\stm32f4xx_hal_irda.o
LOAD Drivers\STM32F4xx_HAL_Driver\Src\stm32f4xx_hal_iwdg.o
LOAD Drivers\STM32F4xx_HAL_Driver\Src\stm32f4xx_hal_lptim.o
LOAD Drivers\STM32F4xx_HAL_Driver\Src\stm32f4xx_hal_ltdc.o
LOAD Drivers\STM32F4xx_HAL_Driver\Src\stm32f4xx_hal_ltdc_ex.o
LOAD Drivers\STM32F4xx_HAL_Driver\Src\stm32f4xx_hal_mmc.o
LOAD Drivers\STM32F4xx_HAL_Driver\Src\stm32f4xx_hal_nand.o
LOAD Drivers\STM32F4xx_HAL_Driver\Src\stm32f4xx_hal_nor.o
LOAD Drivers\STM32F4xx_HAL_Driver\Src\stm32f4xx_hal_pccard.o
LOAD Drivers\STM32F4xx_HAL_Driver\Src\stm32f4xx_hal_pcd.o
LOAD Drivers\STM32F4xx_HAL_Driver\Src\stm32f4xx_hal_pcd_ex.o
LOAD Drivers\STM32F4xx_HAL_Driver\Src\stm32f4xx_hal_pwr.o
LOAD Drivers\STM32F4xx_HAL_Driver\Src\stm32f4xx_hal_pwr_ex.o
LOAD Drivers\STM32F4xx_HAL_Driver\Src\stm32f4xx_hal_qspi.o
LOAD Drivers\STM32F4xx_HAL_Driver\Src\stm32f4xx_hal_rcc.o
LOAD Drivers\STM32F4xx_HAL_Driver\Src\stm32f4xx_hal_rcc_ex.o
LOAD Drivers\STM32F4xx_HAL_Driver\Src\stm32f4xx_hal_rng.o
LOAD Drivers\STM32F4xx_HAL_Driver\Src\stm32f4xx_hal_rtc.o
LOAD Drivers\STM32F4xx_HAL_Driver\Src\stm32f4xx_hal_rtc_ex.o
LOAD Drivers\STM32F4xx_HAL_Driver\Src\stm32f4xx_hal_sai.o
LOAD Drivers\STM32F4xx_HAL_Driver\Src\stm32f4xx_hal_sai_ex.o
LOAD Drivers\STM32F4xx_HAL_Driver\Src\stm32f4xx_hal_sd.o
LOAD Drivers\STM32F4xx_HAL_Driver\Src\stm32f4xx_hal_sdram.o
LOAD Drivers\STM32F4xx_HAL_Driver\Src\stm32f4xx_hal_smartcard.o
LOAD Drivers\STM32F4xx_HAL_Driver\Src\stm32f4xx_hal_spdifrx.o
LOAD Drivers\STM32F4xx_HAL_Driver\Src\stm32f4xx_hal_spi.o
LOAD Drivers\STM32F4xx_HAL_Driver\Src\stm32f4xx_hal_sram.o
LOAD Drivers\STM32F4xx_HAL_Driver\Src\stm32f4xx_hal_tim.o
LOAD Drivers\STM32F4xx_HAL_Driver\Src\stm32f4xx_hal_tim_ex.o
LOAD Drivers\STM32F4xx_HAL_Driver\Src\stm32f4xx_hal_uart.o
LOAD Drivers\STM32F4xx_HAL_Driver\Src\stm32f4xx_hal_usart.o
LOAD Drivers\STM32F4xx_HAL_Driver\Src\stm32f4xx_hal_wwdg.o
LOAD Drivers\STM32F4xx_HAL_Driver\Src\stm32f4xx_ll_adc.o
LOAD Drivers\STM32F4xx_HAL_Driver\Src\stm32f4xx_ll_crc.o
LOAD Drivers\STM32F4xx_HAL_Driver\Src\stm32f4xx_ll_dac.o
LOAD Drivers\STM32F4xx_HAL_Driver\Src\stm32f4xx_ll_dma.o
LOAD Drivers\STM32F4xx_HAL_Driver\Src\stm32f4xx_ll_dma2d.o
LOAD Drivers\STM32F4xx_HAL_Driver\Src\stm32f4xx_ll_exti.o
LOAD Drivers\STM32F4xx_HAL_Driver\Src\stm32f4xx_ll_fmc.o
LOAD Drivers\STM32F4xx_HAL_Driver\Src\stm32f4xx_ll_fsmc.o
LOAD Drivers\STM32F4xx_HAL_Driver\Src\stm32f4xx_ll_gpio.o
LOAD Drivers\STM32F4xx_HAL_Driver\Src\stm32f4xx_ll_i2c.o
LOAD Drivers\STM32F4xx_HAL_Driver\Src\stm32f4xx_ll_lptim.o
LOAD Drivers\STM32F4xx_HAL_Driver\Src\stm32f4xx_ll_pwr.o
LOAD Drivers\STM32F4xx_HAL_Driver\Src\stm32f4xx_ll_rcc.o
LOAD Drivers\STM32F4xx_HAL_Driver\Src\stm32f4xx_ll_rng.o
LOAD Drivers\STM32F4xx_HAL_Driver\Src\stm32f4xx_ll_rtc.o
LOAD Drivers\STM32F4xx_HAL_Driver\Src\stm32f4xx_ll_sdmmc.o
LOAD Drivers\STM32F4xx_HAL_Driver\Src\stm32f4xx_ll_spi.o
LOAD Drivers\STM32F4xx_HAL_Driver\Src\stm32f4xx_ll_tim.o
LOAD Drivers\STM32F4xx_HAL_Driver\Src\stm32f4xx_ll_usart.o
LOAD Drivers\STM32F4xx_HAL_Driver\Src\stm32f4xx_ll_usb.o
LOAD Drivers\STM32F4xx_HAL_Driver\Src\stm32f4xx_ll_utils.o
LOAD src\main.o
LOAD src\stm32f4xx_hal_msp.o
LOAD src\stm32f4xx_it.o
LOAD src\system_stm32f4xx.o
LOAD src\tiny_printf.o
LOAD startup\startup_stm32f401xe.o
                0x00001000                malloc_getpagesize_P = 0x1000
START GROUP
LOAD c:/program files (x86)/atollic/truestudio for stm32 9.0.1/armtools/bin/../lib/gcc/arm-atollic-eabi/6.3.1/../../../../arm-atollic-eabi/lib/armv7e-m/fpu\libstdc++_nano.a
LOAD c:/program files (x86)/atollic/truestudio for stm32 9.0.1/armtools/bin/../lib/gcc/arm-atollic-eabi/6.3.1/../../../../arm-atollic-eabi/lib/armv7e-m/fpu\libsupc++_nano.a
END GROUP
LOAD c:/program files (x86)/atollic/truestudio for stm32 9.0.1/armtools/bin/../lib/gcc/arm-atollic-eabi/6.3.1/../../../../arm-atollic-eabi/lib/armv7e-m/fpu\libstdc++_nano.a
LOAD c:/program files (x86)/atollic/truestudio for stm32 9.0.1/armtools/bin/../lib/gcc/arm-atollic-eabi/6.3.1/../../../../arm-atollic-eabi/lib/armv7e-m/fpu\libm.a
LOAD c:/program files (x86)/atollic/truestudio for stm32 9.0.1/armtools/bin/../lib/gcc/arm-atollic-eabi/6.3.1/../../../../arm-atollic-eabi/lib/armv7e-m/fpu\libc_nano.a
START GROUP
LOAD c:/program files (x86)/atollic/truestudio for stm32 9.0.1/armtools/bin/../lib/gcc/arm-atollic-eabi/6.3.1/armv7e-m/fpu\libgcc.a
LOAD c:/program files (x86)/atollic/truestudio for stm32 9.0.1/armtools/bin/../lib/gcc/arm-atollic-eabi/6.3.1/../../../../arm-atollic-eabi/lib/armv7e-m/fpu\libc_nano.a
END GROUP
START GROUP
LOAD c:/program files (x86)/atollic/truestudio for stm32 9.0.1/armtools/bin/../lib/gcc/arm-atollic-eabi/6.3.1/armv7e-m/fpu\libgcc.a
LOAD c:/program files (x86)/atollic/truestudio for stm32 9.0.1/armtools/bin/../lib/gcc/arm-atollic-eabi/6.3.1/../../../../arm-atollic-eabi/lib/armv7e-m/fpu\libc_nano.a
LOAD c:/program files (x86)/atollic/truestudio for stm32 9.0.1/armtools/bin/../lib/gcc/arm-atollic-eabi/6.3.1/../../../../arm-atollic-eabi/lib/armv7e-m/fpu\libnosys.a
END GROUP
START GROUP
LOAD c:/program files (x86)/atollic/truestudio for stm32 9.0.1/armtools/bin/../lib/gcc/arm-atollic-eabi/6.3.1/armv7e-m/fpu\libgcc.a
LOAD c:/program files (x86)/atollic/truestudio for stm32 9.0.1/armtools/bin/../lib/gcc/arm-atollic-eabi/6.3.1/../../../../arm-atollic-eabi/lib/armv7e-m/fpu\libc_nano.a
LOAD c:/program files (x86)/atollic/truestudio for stm32 9.0.1/armtools/bin/../lib/gcc/arm-atollic-eabi/6.3.1/../../../../arm-atollic-eabi/lib/armv7e-m/fpu\libnosys.a
END GROUP
LOAD c:/program files (x86)/atollic/truestudio for stm32 9.0.1/armtools/bin/../lib/gcc/arm-atollic-eabi/6.3.1/armv7e-m/fpu/crtend.o
LOAD c:/program files (x86)/atollic/truestudio for stm32 9.0.1/armtools/bin/../lib/gcc/arm-atollic-eabi/6.3.1/armv7e-m/fpu/crtn.o
                0x20018000                _estack = 0x20018000
                0x00000000                _Min_Heap_Size = 0x0
                0x00000400                _Min_Stack_Size = 0x400

.isr_vector     0x08000000      0x194
                0x08000000                . = ALIGN (0x4)
 *(.isr_vector)
 .isr_vector    0x08000000      0x194 startup\startup_stm32f401xe.o
                0x08000000                g_pfnVectors
                0x08000194                . = ALIGN (0x4)

.text           0x08000194     0x111c
                0x08000194                . = ALIGN (0x4)
 *(.text)
 .text          0x08000194       0x40 c:/program files (x86)/atollic/truestudio for stm32 9.0.1/armtools/bin/../lib/gcc/arm-atollic-eabi/6.3.1/armv7e-m/fpu/crtbegin.o
 .text          0x080001d4       0x30 c:/program files (x86)/atollic/truestudio for stm32 9.0.1/armtools/bin/../lib/gcc/arm-atollic-eabi/6.3.1/armv7e-m/fpu\libgcc.a(_aeabi_uldivmod.o)
                0x080001d4                __aeabi_uldivmod
 .text          0x08000204      0x2dc c:/program files (x86)/atollic/truestudio for stm32 9.0.1/armtools/bin/../lib/gcc/arm-atollic-eabi/6.3.1/armv7e-m/fpu\libgcc.a(_udivmoddi4.o)
                0x08000204                __udivmoddi4
 .text          0x080004e0        0x4 c:/program files (x86)/atollic/truestudio for stm32 9.0.1/armtools/bin/../lib/gcc/arm-atollic-eabi/6.3.1/armv7e-m/fpu\libgcc.a(_dvmd_tls.o)
                0x080004e0                __aeabi_idiv0
                0x080004e0                __aeabi_ldiv0
 *(.text*)
 .text.HAL_Init
                0x080004e4       0x44 Drivers\STM32F4xx_HAL_Driver\Src\stm32f4xx_hal.o
                0x080004e4                HAL_Init
 .text.HAL_InitTick
                0x08000528       0x60 Drivers\STM32F4xx_HAL_Driver\Src\stm32f4xx_hal.o
                0x08000528                HAL_InitTick
 .text.HAL_IncTick
                0x08000588       0x28 Drivers\STM32F4xx_HAL_Driver\Src\stm32f4xx_hal.o
                0x08000588                HAL_IncTick
 .text.HAL_GetTick
                0x080005b0       0x18 Drivers\STM32F4xx_HAL_Driver\Src\stm32f4xx_hal.o
                0x080005b0                HAL_GetTick
 .text.NVIC_SetPriorityGrouping
                0x080005c8       0x48 Drivers\STM32F4xx_HAL_Driver\Src\stm32f4xx_hal_cortex.o
 .text.NVIC_GetPriorityGrouping
                0x08000610       0x1c Drivers\STM32F4xx_HAL_Driver\Src\stm32f4xx_hal_cortex.o
 .text.NVIC_SetPriority
                0x0800062c       0x54 Drivers\STM32F4xx_HAL_Driver\Src\stm32f4xx_hal_cortex.o
 .text.NVIC_EncodePriority
                0x08000680       0x62 Drivers\STM32F4xx_HAL_Driver\Src\stm32f4xx_hal_cortex.o
 *fill*         0x080006e2        0x2 
 .text.SysTick_Config
                0x080006e4       0x44 Drivers\STM32F4xx_HAL_Driver\Src\stm32f4xx_hal_cortex.o
 .text.HAL_NVIC_SetPriorityGrouping
                0x08000728       0x16 Drivers\STM32F4xx_HAL_Driver\Src\stm32f4xx_hal_cortex.o
                0x08000728                HAL_NVIC_SetPriorityGrouping
 .text.HAL_NVIC_SetPriority
                0x0800073e       0x38 Drivers\STM32F4xx_HAL_Driver\Src\stm32f4xx_hal_cortex.o
                0x0800073e                HAL_NVIC_SetPriority
 .text.HAL_SYSTICK_Config
                0x08000776       0x18 Drivers\STM32F4xx_HAL_Driver\Src\stm32f4xx_hal_cortex.o
                0x08000776                HAL_SYSTICK_Config
 *fill*         0x0800078e        0x2 
 .text.HAL_SYSTICK_CLKSourceConfig
                0x08000790       0x38 Drivers\STM32F4xx_HAL_Driver\Src\stm32f4xx_hal_cortex.o
                0x08000790                HAL_SYSTICK_CLKSourceConfig
 .text.HAL_SYSTICK_IRQHandler
                0x080007c8        0xc Drivers\STM32F4xx_HAL_Driver\Src\stm32f4xx_hal_cortex.o
                0x080007c8                HAL_SYSTICK_IRQHandler
 .text.HAL_SYSTICK_Callback
                0x080007d4        0xe Drivers\STM32F4xx_HAL_Driver\Src\stm32f4xx_hal_cortex.o
                0x080007d4                HAL_SYSTICK_Callback
 *fill*         0x080007e2        0x2 
 .text.HAL_RCC_OscConfig
                0x080007e4      0x484 Drivers\STM32F4xx_HAL_Driver\Src\stm32f4xx_hal_rcc.o
                0x080007e4                HAL_RCC_OscConfig
 .text.HAL_RCC_ClockConfig
                0x08000c68      0x1c4 Drivers\STM32F4xx_HAL_Driver\Src\stm32f4xx_hal_rcc.o
                0x08000c68                HAL_RCC_ClockConfig
 .text.HAL_RCC_GetSysClockFreq
                0x08000e2c      0x16c Drivers\STM32F4xx_HAL_Driver\Src\stm32f4xx_hal_rcc.o
                0x08000e2c                HAL_RCC_GetSysClockFreq
 .text.HAL_RCC_GetHCLKFreq
                0x08000f98       0x18 Drivers\STM32F4xx_HAL_Driver\Src\stm32f4xx_hal_rcc.o
                0x08000f98                HAL_RCC_GetHCLKFreq
 .text.main     0x08000fb0        0xe src\main.o
                0x08000fb0                main
 *fill*         0x08000fbe        0x2 
 .text._Z18SystemClock_Configv
                0x08000fc0      0x100 src\main.o
                0x08000fc0                SystemClock_Config()
 .text.errorHandler
                0x080010c0        0xc src\main.o
                0x080010c0                errorHandler
 .text.HAL_MspInit
                0x080010cc       0x62 src\stm32f4xx_hal_msp.o
                0x080010cc                HAL_MspInit
 .text.NMI_Handler
                0x0800112e        0xe src\stm32f4xx_it.o
                0x0800112e                NMI_Handler
 .text.HardFault_Handler
                0x0800113c        0x6 src\stm32f4xx_it.o
                0x0800113c                HardFault_Handler
 .text.MemManage_Handler
                0x08001142        0x6 src\stm32f4xx_it.o
                0x08001142                MemManage_Handler
 .text.BusFault_Handler
                0x08001148        0x6 src\stm32f4xx_it.o
                0x08001148                BusFault_Handler
 .text.UsageFault_Handler
                0x0800114e        0x6 src\stm32f4xx_it.o
                0x0800114e                UsageFault_Handler
 .text.SVC_Handler
                0x08001154        0xe src\stm32f4xx_it.o
                0x08001154                SVC_Handler
 .text.DebugMon_Handler
                0x08001162        0xe src\stm32f4xx_it.o
                0x08001162                DebugMon_Handler
 .text.PendSV_Handler
                0x08001170        0xe src\stm32f4xx_it.o
                0x08001170                PendSV_Handler
 .text.SysTick_Handler
                0x0800117e       0x10 src\stm32f4xx_it.o
                0x0800117e                SysTick_Handler
 *fill*         0x0800118e        0x2 
 .text.SystemInit
                0x08001190       0x6c src\system_stm32f4xx.o
                0x08001190                SystemInit
 .text.Reset_Handler
                0x080011fc       0x50 startup\startup_stm32f401xe.o
                0x080011fc                Reset_Handler
 .text.Default_Handler
                0x0800124c        0x2 startup\startup_stm32f401xe.o
                0x0800124c                RTC_Alarm_IRQHandler
                0x0800124c                EXTI2_IRQHandler
                0x0800124c                SPI4_IRQHandler
                0x0800124c                TIM1_CC_IRQHandler
                0x0800124c                DMA2_Stream5_IRQHandler
                0x0800124c                DMA1_Stream5_IRQHandler
                0x0800124c                PVD_IRQHandler
                0x0800124c                SDIO_IRQHandler
                0x0800124c                TAMP_STAMP_IRQHandler
                0x0800124c                EXTI3_IRQHandler
                0x0800124c                TIM1_UP_TIM10_IRQHandler
                0x0800124c                I2C3_ER_IRQHandler
                0x0800124c                EXTI0_IRQHandler
                0x0800124c                I2C2_EV_IRQHandler
                0x0800124c                DMA1_Stream2_IRQHandler
                0x0800124c                FPU_IRQHandler
                0x0800124c                DMA2_Stream2_IRQHandler
                0x0800124c                SPI1_IRQHandler
                0x0800124c                TIM1_BRK_TIM9_IRQHandler
                0x0800124c                DMA2_Stream3_IRQHandler
                0x0800124c                USART6_IRQHandler
                0x0800124c                DMA2_Stream0_IRQHandler
                0x0800124c                TIM4_IRQHandler
                0x0800124c                I2C1_EV_IRQHandler
                0x0800124c                DMA1_Stream6_IRQHandler
                0x0800124c                DMA1_Stream1_IRQHandler
                0x0800124c                TIM3_IRQHandler
                0x0800124c                RCC_IRQHandler
                0x0800124c                Default_Handler
                0x0800124c                EXTI15_10_IRQHandler
                0x0800124c                ADC_IRQHandler
                0x0800124c                DMA1_Stream7_IRQHandler
                0x0800124c                TIM5_IRQHandler
                0x0800124c                DMA2_Stream7_IRQHandler
                0x0800124c                I2C3_EV_IRQHandler
                0x0800124c                EXTI9_5_IRQHandler
                0x0800124c                RTC_WKUP_IRQHandler
                0x0800124c                SPI2_IRQHandler
                0x0800124c                DMA1_Stream0_IRQHandler
                0x0800124c                EXTI4_IRQHandler
                0x0800124c                WWDG_IRQHandler
                0x0800124c                TIM2_IRQHandler
                0x0800124c                OTG_FS_WKUP_IRQHandler
                0x0800124c                TIM1_TRG_COM_TIM11_IRQHandler
                0x0800124c                EXTI1_IRQHandler
                0x0800124c                USART2_IRQHandler
                0x0800124c                I2C2_ER_IRQHandler
                0x0800124c                DMA2_Stream1_IRQHandler
                0x0800124c                FLASH_IRQHandler
                0x0800124c                DMA2_Stream4_IRQHandler
                0x0800124c                USART1_IRQHandler
                0x0800124c                OTG_FS_IRQHandler
                0x0800124c                SPI3_IRQHandler
                0x0800124c                DMA1_Stream4_IRQHandler
                0x0800124c                I2C1_ER_IRQHandler
                0x0800124c                DMA2_Stream6_IRQHandler
                0x0800124c                DMA1_Stream3_IRQHandler
 *fill*         0x0800124e        0x2 
 .text.__libc_init_array
                0x08001250       0x48 c:/program files (x86)/atollic/truestudio for stm32 9.0.1/armtools/bin/../lib/gcc/arm-atollic-eabi/6.3.1/../../../../arm-atollic-eabi/lib/armv7e-m/fpu\libc_nano.a(lib_a-init.o)
                0x08001250                __libc_init_array
 *(.glue_7)
 .glue_7        0x08001298        0x0 linker stubs
 *(.glue_7t)
 .glue_7t       0x08001298        0x0 linker stubs
 *(.eh_frame)
 .eh_frame      0x08001298        0x0 c:/program files (x86)/atollic/truestudio for stm32 9.0.1/armtools/bin/../lib/gcc/arm-atollic-eabi/6.3.1/armv7e-m/fpu/crtbegin.o
 *(.init)
 .init          0x08001298        0x4 c:/program files (x86)/atollic/truestudio for stm32 9.0.1/armtools/bin/../lib/gcc/arm-atollic-eabi/6.3.1/armv7e-m/fpu/crti.o
                0x08001298                _init
 .init          0x0800129c        0x8 c:/program files (x86)/atollic/truestudio for stm32 9.0.1/armtools/bin/../lib/gcc/arm-atollic-eabi/6.3.1/armv7e-m/fpu/crtn.o
 *(.fini)
 .fini          0x080012a4        0x4 c:/program files (x86)/atollic/truestudio for stm32 9.0.1/armtools/bin/../lib/gcc/arm-atollic-eabi/6.3.1/armv7e-m/fpu/crti.o
                0x080012a4                _fini
 .fini          0x080012a8        0x8 c:/program files (x86)/atollic/truestudio for stm32 9.0.1/armtools/bin/../lib/gcc/arm-atollic-eabi/6.3.1/armv7e-m/fpu/crtn.o
                0x080012b0                . = ALIGN (0x4)
                0x080012b0                _etext = .

.vfp11_veneer   0x080012b0        0x0
 .vfp11_veneer  0x080012b0        0x0 linker stubs

.v4_bx          0x080012b0        0x0
 .v4_bx         0x080012b0        0x0 linker stubs

.iplt           0x080012b0        0x0
 .iplt          0x080012b0        0x0 c:/program files (x86)/atollic/truestudio for stm32 9.0.1/armtools/bin/../lib/gcc/arm-atollic-eabi/6.3.1/armv7e-m/fpu/crtbegin.o

.rodata         0x080012b0       0x20
                0x080012b0                . = ALIGN (0x4)
 *(.rodata)
 .rodata        0x080012b0       0x10 src\main.o
 *(.rodata*)
 .rodata.AHBPrescTable
                0x080012c0       0x10 src\system_stm32f4xx.o
                0x080012c0                AHBPrescTable
                0x080012d0                . = ALIGN (0x4)

.ARM.extab
 *(.ARM.extab* .gnu.linkonce.armextab.*)

.ARM            0x080012d0        0x8
                0x080012d0                __exidx_start = .
 *(.ARM.exidx*)
 .ARM.exidx     0x080012d0        0x8 c:/program files (x86)/atollic/truestudio for stm32 9.0.1/armtools/bin/../lib/gcc/arm-atollic-eabi/6.3.1/armv7e-m/fpu\libgcc.a(_udivmoddi4.o)
                0x080012d8                __exidx_end = .

.rel.dyn        0x080012d8        0x0
 .rel.iplt      0x080012d8        0x0 c:/program files (x86)/atollic/truestudio for stm32 9.0.1/armtools/bin/../lib/gcc/arm-atollic-eabi/6.3.1/armv7e-m/fpu/crtbegin.o

.preinit_array  0x080012d8        0x0
                0x080012d8                PROVIDE (__preinit_array_start, .)
 *(.preinit_array*)
                0x080012d8                PROVIDE (__preinit_array_end, .)

.init_array     0x080012d8        0x4
                0x080012d8                PROVIDE (__init_array_start, .)
 *(SORT(.init_array.*))
 *(.init_array*)
 .init_array    0x080012d8        0x4 c:/program files (x86)/atollic/truestudio for stm32 9.0.1/armtools/bin/../lib/gcc/arm-atollic-eabi/6.3.1/armv7e-m/fpu/crtbegin.o
                0x080012dc                PROVIDE (__init_array_end, .)

.fini_array     0x080012dc        0x4
                [!provide]                PROVIDE (__fini_array_start, .)
 *(SORT(.fini_array.*))
 *(.fini_array*)
 .fini_array    0x080012dc        0x4 c:/program files (x86)/atollic/truestudio for stm32 9.0.1/armtools/bin/../lib/gcc/arm-atollic-eabi/6.3.1/armv7e-m/fpu/crtbegin.o
                [!provide]                PROVIDE (__fini_array_end, .)
                0x080012e0                _sidata = LOADADDR (.data)

.data           0x20000000        0xc load address 0x080012e0
                0x20000000                . = ALIGN (0x4)
                0x20000000                _sdata = .
 *(.data)
 *(.data*)
 .data.uwTickPrio
                0x20000000        0x4 Drivers\STM32F4xx_HAL_Driver\Src\stm32f4xx_hal.o
                0x20000000                uwTickPrio
 .data.uwTickFreq
                0x20000004        0x1 Drivers\STM32F4xx_HAL_Driver\Src\stm32f4xx_hal.o
                0x20000004                uwTickFreq
 *fill*         0x20000005        0x3 
 .data.SystemCoreClock
                0x20000008        0x4 src\system_stm32f4xx.o
                0x20000008                SystemCoreClock
                0x2000000c                . = ALIGN (0x4)
                0x2000000c                _edata = .
                0x080012ec                _siccmram = LOADADDR (.ccmram)

.igot.plt       0x2000000c        0x0 load address 0x080012ec
 .igot.plt      0x2000000c        0x0 c:/program files (x86)/atollic/truestudio for stm32 9.0.1/armtools/bin/../lib/gcc/arm-atollic-eabi/6.3.1/armv7e-m/fpu/crtbegin.o

.ccmram         0x10000000        0x0 load address 0x080012ec
                0x10000000                . = ALIGN (0x4)
                0x10000000                _sccmram = .
 *(.ccmram)
 *(.ccmram*)
                0x10000000                . = ALIGN (0x4)
                0x10000000                _eccmram = .
                0x10000000                . = ALIGN (0x4)

.bss            0x2000000c       0x20
                0x2000000c                _sbss = .
                0x2000000c                __bss_start__ = _sbss
 *(.bss)
 .bss           0x2000000c       0x1c c:/program files (x86)/atollic/truestudio for stm32 9.0.1/armtools/bin/../lib/gcc/arm-atollic-eabi/6.3.1/armv7e-m/fpu/crtbegin.o
 *(.bss*)
 *(COMMON)
 COMMON         0x20000028        0x4 Drivers\STM32F4xx_HAL_Driver\Src\stm32f4xx_hal.o
                0x20000028                uwTick
                0x2000002c                . = ALIGN (0x4)
                0x2000002c                _ebss = .
                0x2000002c                __bss_end__ = _ebss

._user_heap_stack
                0x2000002c      0x400
                0x2000002c                . = ALIGN (0x4)
                [!provide]                PROVIDE (end, .)
                [!provide]                PROVIDE (_end, .)
                0x2000002c                . = (. + _Min_Heap_Size)
                0x2000042c                . = (. + _Min_Stack_Size)
 *fill*         0x2000002c      0x400 
                0x2000042c                . = ALIGN (0x4)

.memory_b1_text
 *(.mb1text)
 *(.mb1text*)
 *(.mb1rodata)
 *(.mb1rodata*)

/DISCARD/
 libc.a(*)
 libm.a(*)
 libgcc.a(*)

.ARM.attributes
                0x00000000       0x30
 *(.ARM.attributes)
 .ARM.attributes
                0x00000000       0x22 c:/program files (x86)/atollic/truestudio for stm32 9.0.1/armtools/bin/../lib/gcc/arm-atollic-eabi/6.3.1/armv7e-m/fpu/crti.o
 .ARM.attributes
                0x00000022       0x34 c:/program files (x86)/atollic/truestudio for stm32 9.0.1/armtools/bin/../lib/gcc/arm-atollic-eabi/6.3.1/armv7e-m/fpu/crtbegin.o
 .ARM.attributes
                0x00000056       0x39 Drivers\STM32F4xx_HAL_Driver\Src\stm32f4xx_hal.o
 .ARM.attributes
                0x0000008f       0x39 Drivers\STM32F4xx_HAL_Driver\Src\stm32f4xx_hal_cortex.o
 .ARM.attributes
                0x000000c8       0x39 Drivers\STM32F4xx_HAL_Driver\Src\stm32f4xx_hal_rcc.o
 .ARM.attributes
                0x00000101       0x39 src\main.o
 .ARM.attributes
                0x0000013a       0x39 src\stm32f4xx_hal_msp.o
 .ARM.attributes
                0x00000173       0x39 src\stm32f4xx_it.o
 .ARM.attributes
                0x000001ac       0x39 src\system_stm32f4xx.o
 .ARM.attributes
                0x000001e5       0x21 startup\startup_stm32f401xe.o
 .ARM.attributes
                0x00000206       0x34 c:/program files (x86)/atollic/truestudio for stm32 9.0.1/armtools/bin/../lib/gcc/arm-atollic-eabi/6.3.1/../../../../arm-atollic-eabi/lib/armv7e-m/fpu\libc_nano.a(lib_a-init.o)
 .ARM.attributes
                0x0000023a       0x22 c:/program files (x86)/atollic/truestudio for stm32 9.0.1/armtools/bin/../lib/gcc/arm-atollic-eabi/6.3.1/armv7e-m/fpu\libgcc.a(_aeabi_uldivmod.o)
 .ARM.attributes
                0x0000025c       0x34 c:/program files (x86)/atollic/truestudio for stm32 9.0.1/armtools/bin/../lib/gcc/arm-atollic-eabi/6.3.1/armv7e-m/fpu\libgcc.a(_udivmoddi4.o)
 .ARM.attributes
                0x00000290       0x22 c:/program files (x86)/atollic/truestudio for stm32 9.0.1/armtools/bin/../lib/gcc/arm-atollic-eabi/6.3.1/armv7e-m/fpu\libgcc.a(_dvmd_tls.o)
 .ARM.attributes
                0x000002b2       0x22 c:/program files (x86)/atollic/truestudio for stm32 9.0.1/armtools/bin/../lib/gcc/arm-atollic-eabi/6.3.1/armv7e-m/fpu/crtn.o
OUTPUT(teste.elf elf32-littlearm)

.debug_info     0x00000000     0x6001
 .debug_info    0x00000000     0x10ac Drivers\STM32F4xx_HAL_Driver\Src\stm32f4xx_hal.o
 .debug_info    0x000010ac     0x154c Drivers\STM32F4xx_HAL_Driver\Src\stm32f4xx_hal_cortex.o
 .debug_info    0x000025f8     0x10e0 Drivers\STM32F4xx_HAL_Driver\Src\stm32f4xx_hal_rcc.o
 .debug_info    0x000036d8      0xeed src\main.o
 .debug_info    0x000045c5      0xacd src\stm32f4xx_hal_msp.o
 .debug_info    0x00005092      0x9c8 src\stm32f4xx_it.o
 .debug_info    0x00005a5a      0x528 src\system_stm32f4xx.o
 .debug_info    0x00005f82       0x7f startup\startup_stm32f401xe.o

.debug_abbrev   0x00000000      0xf13
 .debug_abbrev  0x00000000      0x280 Drivers\STM32F4xx_HAL_Driver\Src\stm32f4xx_hal.o
 .debug_abbrev  0x00000280      0x371 Drivers\STM32F4xx_HAL_Driver\Src\stm32f4xx_hal_cortex.o
 .debug_abbrev  0x000005f1      0x2c8 Drivers\STM32F4xx_HAL_Driver\Src\stm32f4xx_hal_rcc.o
 .debug_abbrev  0x000008b9      0x211 src\main.o
 .debug_abbrev  0x00000aca      0x199 src\stm32f4xx_hal_msp.o
 .debug_abbrev  0x00000c63      0x190 src\stm32f4xx_it.o
 .debug_abbrev  0x00000df3      0x10e src\system_stm32f4xx.o
 .debug_abbrev  0x00000f01       0x12 startup\startup_stm32f401xe.o

.debug_aranges  0x00000000      0x380
 .debug_aranges
                0x00000000       0xe0 Drivers\STM32F4xx_HAL_Driver\Src\stm32f4xx_hal.o
 .debug_aranges
                0x000000e0      0x118 Drivers\STM32F4xx_HAL_Driver\Src\stm32f4xx_hal_cortex.o
 .debug_aranges
                0x000001f8       0x88 Drivers\STM32F4xx_HAL_Driver\Src\stm32f4xx_hal_rcc.o
 .debug_aranges
                0x00000280       0x30 src\main.o
 .debug_aranges
                0x000002b0       0x20 src\stm32f4xx_hal_msp.o
 .debug_aranges
                0x000002d0       0x60 src\stm32f4xx_it.o
 .debug_aranges
                0x00000330       0x28 src\system_stm32f4xx.o
 .debug_aranges
                0x00000358       0x28 startup\startup_stm32f401xe.o

.debug_ranges   0x00000000      0x308
 .debug_ranges  0x00000000       0xd0 Drivers\STM32F4xx_HAL_Driver\Src\stm32f4xx_hal.o
 .debug_ranges  0x000000d0      0x108 Drivers\STM32F4xx_HAL_Driver\Src\stm32f4xx_hal_cortex.o
 .debug_ranges  0x000001d8       0x78 Drivers\STM32F4xx_HAL_Driver\Src\stm32f4xx_hal_rcc.o
 .debug_ranges  0x00000250       0x20 src\main.o
 .debug_ranges  0x00000270       0x10 src\stm32f4xx_hal_msp.o
 .debug_ranges  0x00000280       0x50 src\stm32f4xx_it.o
 .debug_ranges  0x000002d0       0x18 src\system_stm32f4xx.o
 .debug_ranges  0x000002e8       0x20 startup\startup_stm32f401xe.o

.debug_line     0x00000000     0x19d1
 .debug_line    0x00000000      0x491 Drivers\STM32F4xx_HAL_Driver\Src\stm32f4xx_hal.o
 .debug_line    0x00000491      0x5c9 Drivers\STM32F4xx_HAL_Driver\Src\stm32f4xx_hal_cortex.o
 .debug_line    0x00000a5a      0x530 Drivers\STM32F4xx_HAL_Driver\Src\stm32f4xx_hal_rcc.o
 .debug_line    0x00000f8a      0x2e2 src\main.o
 .debug_line    0x0000126c      0x24a src\stm32f4xx_hal_msp.o
 .debug_line    0x000014b6      0x2c3 src\stm32f4xx_it.o
 .debug_line    0x00001779      0x1d9 src\system_stm32f4xx.o
 .debug_line    0x00001952       0x7f startup\startup_stm32f401xe.o

.debug_str      0x00000000     0x177d
 .debug_str     0x00000000      0xd64 Drivers\STM32F4xx_HAL_Driver\Src\stm32f4xx_hal.o
                                0xe2c (size before relaxing)
 .debug_str     0x00000d64      0x41c Drivers\STM32F4xx_HAL_Driver\Src\stm32f4xx_hal_cortex.o
                                0xf36 (size before relaxing)
 .debug_str     0x00001180      0x30e Drivers\STM32F4xx_HAL_Driver\Src\stm32f4xx_hal_rcc.o
                                0xb2c (size before relaxing)
 .debug_str     0x0000148e      0x1e9 src\main.o
                                0xd4f (size before relaxing)
 .debug_str     0x00001677       0x1b src\stm32f4xx_hal_msp.o
                                0x9df (size before relaxing)
 .debug_str     0x00001692       0xa6 src\stm32f4xx_it.o
                                0x6d2 (size before relaxing)
 .debug_str     0x00001738       0x45 src\system_stm32f4xx.o
                                0x3b7 (size before relaxing)

.comment        0x00000000       0x7c
 .comment       0x00000000       0x7c Drivers\STM32F4xx_HAL_Driver\Src\stm32f4xx_hal.o
                                 0x7d (size before relaxing)
 .comment       0x0000007c       0x7d Drivers\STM32F4xx_HAL_Driver\Src\stm32f4xx_hal_cortex.o
 .comment       0x0000007c       0x7d Drivers\STM32F4xx_HAL_Driver\Src\stm32f4xx_hal_rcc.o
 .comment       0x0000007c       0x7d src\main.o
 .comment       0x0000007c       0x7d src\stm32f4xx_hal_msp.o
 .comment       0x0000007c       0x7d src\stm32f4xx_it.o
 .comment       0x0000007c       0x7d src\system_stm32f4xx.o

.debug_frame    0x00000000      0xc54
 .debug_frame   0x00000000      0x33c Drivers\STM32F4xx_HAL_Driver\Src\stm32f4xx_hal.o
 .debug_frame   0x0000033c      0x498 Drivers\STM32F4xx_HAL_Driver\Src\stm32f4xx_hal_cortex.o
 .debug_frame   0x000007d4      0x1f8 Drivers\STM32F4xx_HAL_Driver\Src\stm32f4xx_hal_rcc.o
 .debug_frame   0x000009cc       0x6c src\main.o
 .debug_frame   0x00000a38       0x2c src\stm32f4xx_hal_msp.o
 .debug_frame   0x00000a64      0x10c src\stm32f4xx_it.o
 .debug_frame   0x00000b70       0x58 src\system_stm32f4xx.o
 .debug_frame   0x00000bc8       0x2c c:/program files (x86)/atollic/truestudio for stm32 9.0.1/armtools/bin/../lib/gcc/arm-atollic-eabi/6.3.1/../../../../arm-atollic-eabi/lib/armv7e-m/fpu\libc_nano.a(lib_a-init.o)
 .debug_frame   0x00000bf4       0x2c c:/program files (x86)/atollic/truestudio for stm32 9.0.1/armtools/bin/../lib/gcc/arm-atollic-eabi/6.3.1/armv7e-m/fpu\libgcc.a(_aeabi_uldivmod.o)
 .debug_frame   0x00000c20       0x34 c:/program files (x86)/atollic/truestudio for stm32 9.0.1/armtools/bin/../lib/gcc/arm-atollic-eabi/6.3.1/armv7e-m/fpu\libgcc.a(_udivmoddi4.o)

.stabstr        0x00000000       0x3f
 .stabstr       0x00000000       0x3f c:/program files (x86)/atollic/truestudio for stm32 9.0.1/armtools/bin/../lib/gcc/arm-atollic-eabi/6.3.1/../../../../arm-atollic-eabi/lib/armv7e-m/fpu\libnosys.a(write.o)

Cross Reference Table

Symbol                                            File
ADC_IRQHandler                                    startup\startup_stm32f401xe.o
AHBPrescTable                                     src\system_stm32f4xx.o
                                                  Drivers\STM32F4xx_HAL_Driver\Src\stm32f4xx_ll_utils.o
                                                  Drivers\STM32F4xx_HAL_Driver\Src\stm32f4xx_hal_rcc.o
APBPrescTable                                     src\system_stm32f4xx.o
                                                  Drivers\STM32F4xx_HAL_Driver\Src\stm32f4xx_hal_rcc.o
BusFault_Handler                                  src\stm32f4xx_it.o
DMA1_Stream0_IRQHandler                           startup\startup_stm32f401xe.o
DMA1_Stream1_IRQHandler                           startup\startup_stm32f401xe.o
DMA1_Stream2_IRQHandler                           startup\startup_stm32f401xe.o
DMA1_Stream3_IRQHandler                           startup\startup_stm32f401xe.o
DMA1_Stream4_IRQHandler                           startup\startup_stm32f401xe.o
DMA1_Stream5_IRQHandler                           startup\startup_stm32f401xe.o
DMA1_Stream6_IRQHandler                           startup\startup_stm32f401xe.o
DMA1_Stream7_IRQHandler                           startup\startup_stm32f401xe.o
DMA2_Stream0_IRQHandler                           startup\startup_stm32f401xe.o
DMA2_Stream1_IRQHandler                           startup\startup_stm32f401xe.o
DMA2_Stream2_IRQHandler                           startup\startup_stm32f401xe.o
DMA2_Stream3_IRQHandler                           startup\startup_stm32f401xe.o
DMA2_Stream4_IRQHandler                           startup\startup_stm32f401xe.o
DMA2_Stream5_IRQHandler                           startup\startup_stm32f401xe.o
DMA2_Stream6_IRQHandler                           startup\startup_stm32f401xe.o
DMA2_Stream7_IRQHandler                           startup\startup_stm32f401xe.o
DebugMon_Handler                                  src\stm32f4xx_it.o
Default_Handler                                   startup\startup_stm32f401xe.o
EXTI0_IRQHandler                                  startup\startup_stm32f401xe.o
EXTI15_10_IRQHandler                              startup\startup_stm32f401xe.o
EXTI1_IRQHandler                                  startup\startup_stm32f401xe.o
EXTI2_IRQHandler                                  startup\startup_stm32f401xe.o
EXTI3_IRQHandler                                  startup\startup_stm32f401xe.o
EXTI4_IRQHandler                                  startup\startup_stm32f401xe.o
EXTI9_5_IRQHandler                                startup\startup_stm32f401xe.o
FLASH_Erase_Sector                                Drivers\STM32F4xx_HAL_Driver\Src\stm32f4xx_hal_flash_ex.o
                                                  Drivers\STM32F4xx_HAL_Driver\Src\stm32f4xx_hal_flash.o
FLASH_FlushCaches                                 Drivers\STM32F4xx_HAL_Driver\Src\stm32f4xx_hal_flash_ex.o
                                                  Drivers\STM32F4xx_HAL_Driver\Src\stm32f4xx_hal_flash.o
FLASH_IRQHandler                                  startup\startup_stm32f401xe.o
FLASH_WaitForLastOperation                        Drivers\STM32F4xx_HAL_Driver\Src\stm32f4xx_hal_flash.o
                                                  Drivers\STM32F4xx_HAL_Driver\Src\stm32f4xx_hal_flash_ex.o
FPU_IRQHandler                                    startup\startup_stm32f401xe.o
HAL_DBGMCU_DisableDBGSleepMode                    Drivers\STM32F4xx_HAL_Driver\Src\stm32f4xx_hal.o
HAL_DBGMCU_DisableDBGStandbyMode                  Drivers\STM32F4xx_HAL_Driver\Src\stm32f4xx_hal.o
HAL_DBGMCU_DisableDBGStopMode                     Drivers\STM32F4xx_HAL_Driver\Src\stm32f4xx_hal.o
HAL_DBGMCU_EnableDBGSleepMode                     Drivers\STM32F4xx_HAL_Driver\Src\stm32f4xx_hal.o
HAL_DBGMCU_EnableDBGStandbyMode                   Drivers\STM32F4xx_HAL_Driver\Src\stm32f4xx_hal.o
HAL_DBGMCU_EnableDBGStopMode                      Drivers\STM32F4xx_HAL_Driver\Src\stm32f4xx_hal.o
HAL_DMAEx_ChangeMemory                            Drivers\STM32F4xx_HAL_Driver\Src\stm32f4xx_hal_dma_ex.o
HAL_DMAEx_MultiBufferStart                        Drivers\STM32F4xx_HAL_Driver\Src\stm32f4xx_hal_dma_ex.o
HAL_DMAEx_MultiBufferStart_IT                     Drivers\STM32F4xx_HAL_Driver\Src\stm32f4xx_hal_dma_ex.o
HAL_DMA_Abort                                     Drivers\STM32F4xx_HAL_Driver\Src\stm32f4xx_hal_dma.o
HAL_DMA_Abort_IT                                  Drivers\STM32F4xx_HAL_Driver\Src\stm32f4xx_hal_dma.o
HAL_DMA_DeInit                                    Drivers\STM32F4xx_HAL_Driver\Src\stm32f4xx_hal_dma.o
HAL_DMA_GetError                                  Drivers\STM32F4xx_HAL_Driver\Src\stm32f4xx_hal_dma.o
HAL_DMA_GetState                                  Drivers\STM32F4xx_HAL_Driver\Src\stm32f4xx_hal_dma.o
HAL_DMA_IRQHandler                                Drivers\STM32F4xx_HAL_Driver\Src\stm32f4xx_hal_dma.o
HAL_DMA_Init                                      Drivers\STM32F4xx_HAL_Driver\Src\stm32f4xx_hal_dma.o
HAL_DMA_PollForTransfer                           Drivers\STM32F4xx_HAL_Driver\Src\stm32f4xx_hal_dma.o
HAL_DMA_RegisterCallback                          Drivers\STM32F4xx_HAL_Driver\Src\stm32f4xx_hal_dma.o
HAL_DMA_Start                                     Drivers\STM32F4xx_HAL_Driver\Src\stm32f4xx_hal_dma.o
HAL_DMA_Start_IT                                  Drivers\STM32F4xx_HAL_Driver\Src\stm32f4xx_hal_dma.o
HAL_DMA_UnRegisterCallback                        Drivers\STM32F4xx_HAL_Driver\Src\stm32f4xx_hal_dma.o
HAL_DeInit                                        Drivers\STM32F4xx_HAL_Driver\Src\stm32f4xx_hal.o
HAL_Delay                                         Drivers\STM32F4xx_HAL_Driver\Src\stm32f4xx_hal.o
HAL_DisableCompensationCell                       Drivers\STM32F4xx_HAL_Driver\Src\stm32f4xx_hal.o
HAL_EnableCompensationCell                        Drivers\STM32F4xx_HAL_Driver\Src\stm32f4xx_hal.o
HAL_FLASHEx_AdvOBGetConfig                        Drivers\STM32F4xx_HAL_Driver\Src\stm32f4xx_hal_flash_ex.o
HAL_FLASHEx_AdvOBProgram                          Drivers\STM32F4xx_HAL_Driver\Src\stm32f4xx_hal_flash_ex.o
HAL_FLASHEx_Erase                                 Drivers\STM32F4xx_HAL_Driver\Src\stm32f4xx_hal_flash_ex.o
HAL_FLASHEx_Erase_IT                              Drivers\STM32F4xx_HAL_Driver\Src\stm32f4xx_hal_flash_ex.o
HAL_FLASHEx_OBGetConfig                           Drivers\STM32F4xx_HAL_Driver\Src\stm32f4xx_hal_flash_ex.o
HAL_FLASHEx_OBProgram                             Drivers\STM32F4xx_HAL_Driver\Src\stm32f4xx_hal_flash_ex.o
HAL_FLASHEx_OB_DeSelectPCROP                      Drivers\STM32F4xx_HAL_Driver\Src\stm32f4xx_hal_flash_ex.o
HAL_FLASHEx_OB_SelectPCROP                        Drivers\STM32F4xx_HAL_Driver\Src\stm32f4xx_hal_flash_ex.o
HAL_FLASH_EndOfOperationCallback                  Drivers\STM32F4xx_HAL_Driver\Src\stm32f4xx_hal_flash.o
HAL_FLASH_GetError                                Drivers\STM32F4xx_HAL_Driver\Src\stm32f4xx_hal_flash.o
HAL_FLASH_IRQHandler                              Drivers\STM32F4xx_HAL_Driver\Src\stm32f4xx_hal_flash.o
HAL_FLASH_Lock                                    Drivers\STM32F4xx_HAL_Driver\Src\stm32f4xx_hal_flash.o
HAL_FLASH_OB_Launch                               Drivers\STM32F4xx_HAL_Driver\Src\stm32f4xx_hal_flash.o
HAL_FLASH_OB_Lock                                 Drivers\STM32F4xx_HAL_Driver\Src\stm32f4xx_hal_flash.o
HAL_FLASH_OB_Unlock                               Drivers\STM32F4xx_HAL_Driver\Src\stm32f4xx_hal_flash.o
HAL_FLASH_OperationErrorCallback                  Drivers\STM32F4xx_HAL_Driver\Src\stm32f4xx_hal_flash.o
HAL_FLASH_Program                                 Drivers\STM32F4xx_HAL_Driver\Src\stm32f4xx_hal_flash.o
HAL_FLASH_Program_IT                              Drivers\STM32F4xx_HAL_Driver\Src\stm32f4xx_hal_flash.o
HAL_FLASH_Unlock                                  Drivers\STM32F4xx_HAL_Driver\Src\stm32f4xx_hal_flash.o
HAL_GPIO_DeInit                                   Drivers\STM32F4xx_HAL_Driver\Src\stm32f4xx_hal_gpio.o
HAL_GPIO_EXTI_Callback                            Drivers\STM32F4xx_HAL_Driver\Src\stm32f4xx_hal_gpio.o
HAL_GPIO_EXTI_IRQHandler                          Drivers\STM32F4xx_HAL_Driver\Src\stm32f4xx_hal_gpio.o
HAL_GPIO_Init                                     Drivers\STM32F4xx_HAL_Driver\Src\stm32f4xx_hal_gpio.o
                                                  Drivers\STM32F4xx_HAL_Driver\Src\stm32f4xx_hal_rcc.o
HAL_GPIO_LockPin                                  Drivers\STM32F4xx_HAL_Driver\Src\stm32f4xx_hal_gpio.o
HAL_GPIO_ReadPin                                  Drivers\STM32F4xx_HAL_Driver\Src\stm32f4xx_hal_gpio.o
HAL_GPIO_TogglePin                                Drivers\STM32F4xx_HAL_Driver\Src\stm32f4xx_hal_gpio.o
HAL_GPIO_WritePin                                 Drivers\STM32F4xx_HAL_Driver\Src\stm32f4xx_hal_gpio.o
HAL_GetDEVID                                      Drivers\STM32F4xx_HAL_Driver\Src\stm32f4xx_hal.o
HAL_GetHalVersion                                 Drivers\STM32F4xx_HAL_Driver\Src\stm32f4xx_hal.o
HAL_GetREVID                                      Drivers\STM32F4xx_HAL_Driver\Src\stm32f4xx_hal.o
HAL_GetTick                                       Drivers\STM32F4xx_HAL_Driver\Src\stm32f4xx_hal.o
                                                  Drivers\STM32F4xx_HAL_Driver\Src\stm32f4xx_hal_rcc_ex.o
                                                  Drivers\STM32F4xx_HAL_Driver\Src\stm32f4xx_hal_rcc.o
                                                  Drivers\STM32F4xx_HAL_Driver\Src\stm32f4xx_hal_pwr_ex.o
                                                  Drivers\STM32F4xx_HAL_Driver\Src\stm32f4xx_hal_flash.o
                                                  Drivers\STM32F4xx_HAL_Driver\Src\stm32f4xx_hal_dma.o
HAL_GetTickFreq                                   Drivers\STM32F4xx_HAL_Driver\Src\stm32f4xx_hal.o
HAL_GetTickPrio                                   Drivers\STM32F4xx_HAL_Driver\Src\stm32f4xx_hal.o
HAL_GetUID                                        Drivers\STM32F4xx_HAL_Driver\Src\stm32f4xx_hal.o
HAL_IncTick                                       Drivers\STM32F4xx_HAL_Driver\Src\stm32f4xx_hal.o
                                                  src\stm32f4xx_it.o
HAL_Init                                          Drivers\STM32F4xx_HAL_Driver\Src\stm32f4xx_hal.o
                                                  src\main.o
HAL_InitTick                                      Drivers\STM32F4xx_HAL_Driver\Src\stm32f4xx_hal.o
                                                  Drivers\STM32F4xx_HAL_Driver\Src\stm32f4xx_hal_rcc_ex.o
                                                  Drivers\STM32F4xx_HAL_Driver\Src\stm32f4xx_hal_rcc.o
HAL_MPU_ConfigRegion                              Drivers\STM32F4xx_HAL_Driver\Src\stm32f4xx_hal_cortex.o
HAL_MPU_Disable                                   Drivers\STM32F4xx_HAL_Driver\Src\stm32f4xx_hal_cortex.o
HAL_MPU_Enable                                    Drivers\STM32F4xx_HAL_Driver\Src\stm32f4xx_hal_cortex.o
HAL_MspDeInit                                     Drivers\STM32F4xx_HAL_Driver\Src\stm32f4xx_hal.o
HAL_MspInit                                       src\stm32f4xx_hal_msp.o
                                                  Drivers\STM32F4xx_HAL_Driver\Src\stm32f4xx_hal.o
HAL_NVIC_ClearPendingIRQ                          Drivers\STM32F4xx_HAL_Driver\Src\stm32f4xx_hal_cortex.o
HAL_NVIC_DisableIRQ                               Drivers\STM32F4xx_HAL_Driver\Src\stm32f4xx_hal_cortex.o
HAL_NVIC_EnableIRQ                                Drivers\STM32F4xx_HAL_Driver\Src\stm32f4xx_hal_cortex.o
HAL_NVIC_GetActive                                Drivers\STM32F4xx_HAL_Driver\Src\stm32f4xx_hal_cortex.o
HAL_NVIC_GetPendingIRQ                            Drivers\STM32F4xx_HAL_Driver\Src\stm32f4xx_hal_cortex.o
HAL_NVIC_GetPriority                              Drivers\STM32F4xx_HAL_Driver\Src\stm32f4xx_hal_cortex.o
HAL_NVIC_GetPriorityGrouping                      Drivers\STM32F4xx_HAL_Driver\Src\stm32f4xx_hal_cortex.o
HAL_NVIC_SetPendingIRQ                            Drivers\STM32F4xx_HAL_Driver\Src\stm32f4xx_hal_cortex.o
HAL_NVIC_SetPriority                              Drivers\STM32F4xx_HAL_Driver\Src\stm32f4xx_hal_cortex.o
                                                  src\stm32f4xx_hal_msp.o
                                                  src\main.o
                                                  Drivers\STM32F4xx_HAL_Driver\Src\stm32f4xx_hal.o
HAL_NVIC_SetPriorityGrouping                      Drivers\STM32F4xx_HAL_Driver\Src\stm32f4xx_hal_cortex.o
                                                  src\stm32f4xx_hal_msp.o
                                                  Drivers\STM32F4xx_HAL_Driver\Src\stm32f4xx_hal.o
HAL_NVIC_SystemReset                              Drivers\STM32F4xx_HAL_Driver\Src\stm32f4xx_hal_cortex.o
HAL_PWREx_ControlVoltageScaling                   Drivers\STM32F4xx_HAL_Driver\Src\stm32f4xx_hal_pwr_ex.o
HAL_PWREx_DisableBkUpReg                          Drivers\STM32F4xx_HAL_Driver\Src\stm32f4xx_hal_pwr_ex.o
HAL_PWREx_DisableFlashPowerDown                   Drivers\STM32F4xx_HAL_Driver\Src\stm32f4xx_hal_pwr_ex.o
HAL_PWREx_DisableLowRegulatorLowVoltage           Drivers\STM32F4xx_HAL_Driver\Src\stm32f4xx_hal_pwr_ex.o
HAL_PWREx_DisableMainRegulatorLowVoltage          Drivers\STM32F4xx_HAL_Driver\Src\stm32f4xx_hal_pwr_ex.o
HAL_PWREx_EnableBkUpReg                           Drivers\STM32F4xx_HAL_Driver\Src\stm32f4xx_hal_pwr_ex.o
HAL_PWREx_EnableFlashPowerDown                    Drivers\STM32F4xx_HAL_Driver\Src\stm32f4xx_hal_pwr_ex.o
HAL_PWREx_EnableLowRegulatorLowVoltage            Drivers\STM32F4xx_HAL_Driver\Src\stm32f4xx_hal_pwr_ex.o
HAL_PWREx_EnableMainRegulatorLowVoltage           Drivers\STM32F4xx_HAL_Driver\Src\stm32f4xx_hal_pwr_ex.o
HAL_PWREx_GetVoltageRange                         Drivers\STM32F4xx_HAL_Driver\Src\stm32f4xx_hal_pwr_ex.o
HAL_PWR_ConfigPVD                                 Drivers\STM32F4xx_HAL_Driver\Src\stm32f4xx_hal_pwr.o
HAL_PWR_DeInit                                    Drivers\STM32F4xx_HAL_Driver\Src\stm32f4xx_hal_pwr.o
HAL_PWR_DisableBkUpAccess                         Drivers\STM32F4xx_HAL_Driver\Src\stm32f4xx_hal_pwr.o
HAL_PWR_DisablePVD                                Drivers\STM32F4xx_HAL_Driver\Src\stm32f4xx_hal_pwr.o
HAL_PWR_DisableSEVOnPend                          Drivers\STM32F4xx_HAL_Driver\Src\stm32f4xx_hal_pwr.o
HAL_PWR_DisableSleepOnExit                        Drivers\STM32F4xx_HAL_Driver\Src\stm32f4xx_hal_pwr.o
HAL_PWR_DisableWakeUpPin                          Drivers\STM32F4xx_HAL_Driver\Src\stm32f4xx_hal_pwr.o
HAL_PWR_EnableBkUpAccess                          Drivers\STM32F4xx_HAL_Driver\Src\stm32f4xx_hal_pwr.o
HAL_PWR_EnablePVD                                 Drivers\STM32F4xx_HAL_Driver\Src\stm32f4xx_hal_pwr.o
HAL_PWR_EnableSEVOnPend                           Drivers\STM32F4xx_HAL_Driver\Src\stm32f4xx_hal_pwr.o
HAL_PWR_EnableSleepOnExit                         Drivers\STM32F4xx_HAL_Driver\Src\stm32f4xx_hal_pwr.o
HAL_PWR_EnableWakeUpPin                           Drivers\STM32F4xx_HAL_Driver\Src\stm32f4xx_hal_pwr.o
HAL_PWR_EnterSLEEPMode                            Drivers\STM32F4xx_HAL_Driver\Src\stm32f4xx_hal_pwr.o
HAL_PWR_EnterSTANDBYMode                          Drivers\STM32F4xx_HAL_Driver\Src\stm32f4xx_hal_pwr.o
HAL_PWR_EnterSTOPMode                             Drivers\STM32F4xx_HAL_Driver\Src\stm32f4xx_hal_pwr.o
HAL_PWR_PVDCallback                               Drivers\STM32F4xx_HAL_Driver\Src\stm32f4xx_hal_pwr.o
HAL_PWR_PVD_IRQHandler                            Drivers\STM32F4xx_HAL_Driver\Src\stm32f4xx_hal_pwr.o
HAL_RCCEx_DisablePLLI2S                           Drivers\STM32F4xx_HAL_Driver\Src\stm32f4xx_hal_rcc_ex.o
HAL_RCCEx_EnablePLLI2S                            Drivers\STM32F4xx_HAL_Driver\Src\stm32f4xx_hal_rcc_ex.o
HAL_RCCEx_GetPeriphCLKConfig                      Drivers\STM32F4xx_HAL_Driver\Src\stm32f4xx_hal_rcc_ex.o
HAL_RCCEx_GetPeriphCLKFreq                        Drivers\STM32F4xx_HAL_Driver\Src\stm32f4xx_hal_rcc_ex.o
HAL_RCCEx_PeriphCLKConfig                         Drivers\STM32F4xx_HAL_Driver\Src\stm32f4xx_hal_rcc_ex.o
HAL_RCC_CSSCallback                               Drivers\STM32F4xx_HAL_Driver\Src\stm32f4xx_hal_rcc.o
HAL_RCC_ClockConfig                               Drivers\STM32F4xx_HAL_Driver\Src\stm32f4xx_hal_rcc.o
                                                  src\main.o
HAL_RCC_DeInit                                    Drivers\STM32F4xx_HAL_Driver\Src\stm32f4xx_hal_rcc_ex.o
                                                  Drivers\STM32F4xx_HAL_Driver\Src\stm32f4xx_hal_rcc.o
HAL_RCC_DisableCSS                                Drivers\STM32F4xx_HAL_Driver\Src\stm32f4xx_hal_rcc.o
HAL_RCC_EnableCSS                                 Drivers\STM32F4xx_HAL_Driver\Src\stm32f4xx_hal_rcc.o
HAL_RCC_GetClockConfig                            Drivers\STM32F4xx_HAL_Driver\Src\stm32f4xx_hal_rcc.o
HAL_RCC_GetHCLKFreq                               Drivers\STM32F4xx_HAL_Driver\Src\stm32f4xx_hal_rcc.o
                                                  src\main.o
HAL_RCC_GetOscConfig                              Drivers\STM32F4xx_HAL_Driver\Src\stm32f4xx_hal_rcc.o
HAL_RCC_GetPCLK1Freq                              Drivers\STM32F4xx_HAL_Driver\Src\stm32f4xx_hal_rcc.o
HAL_RCC_GetPCLK2Freq                              Drivers\STM32F4xx_HAL_Driver\Src\stm32f4xx_hal_rcc.o
HAL_RCC_GetSysClockFreq                           Drivers\STM32F4xx_HAL_Driver\Src\stm32f4xx_hal_rcc.o
HAL_RCC_MCOConfig                                 Drivers\STM32F4xx_HAL_Driver\Src\stm32f4xx_hal_rcc.o
HAL_RCC_NMI_IRQHandler                            Drivers\STM32F4xx_HAL_Driver\Src\stm32f4xx_hal_rcc.o
HAL_RCC_OscConfig                                 Drivers\STM32F4xx_HAL_Driver\Src\stm32f4xx_hal_rcc.o
                                                  src\main.o
HAL_ResumeTick                                    Drivers\STM32F4xx_HAL_Driver\Src\stm32f4xx_hal.o
HAL_SYSTICK_CLKSourceConfig                       Drivers\STM32F4xx_HAL_Driver\Src\stm32f4xx_hal_cortex.o
                                                  src\main.o
HAL_SYSTICK_Callback                              Drivers\STM32F4xx_HAL_Driver\Src\stm32f4xx_hal_cortex.o
HAL_SYSTICK_Config                                Drivers\STM32F4xx_HAL_Driver\Src\stm32f4xx_hal_cortex.o
                                                  src\main.o
                                                  Drivers\STM32F4xx_HAL_Driver\Src\stm32f4xx_hal.o
HAL_SYSTICK_IRQHandler                            Drivers\STM32F4xx_HAL_Driver\Src\stm32f4xx_hal_cortex.o
                                                  src\stm32f4xx_it.o
HAL_SetTickFreq                                   Drivers\STM32F4xx_HAL_Driver\Src\stm32f4xx_hal.o
HAL_SuspendTick                                   Drivers\STM32F4xx_HAL_Driver\Src\stm32f4xx_hal.o
HardFault_Handler                                 src\stm32f4xx_it.o
I2C1_ER_IRQHandler                                startup\startup_stm32f401xe.o
I2C1_EV_IRQHandler                                startup\startup_stm32f401xe.o
I2C2_ER_IRQHandler                                startup\startup_stm32f401xe.o
I2C2_EV_IRQHandler                                startup\startup_stm32f401xe.o
I2C3_ER_IRQHandler                                startup\startup_stm32f401xe.o
I2C3_EV_IRQHandler                                startup\startup_stm32f401xe.o
LL_Init1msTick                                    Drivers\STM32F4xx_HAL_Driver\Src\stm32f4xx_ll_utils.o
LL_PLL_ConfigSystemClock_HSE                      Drivers\STM32F4xx_HAL_Driver\Src\stm32f4xx_ll_utils.o
LL_PLL_ConfigSystemClock_HSI                      Drivers\STM32F4xx_HAL_Driver\Src\stm32f4xx_ll_utils.o
LL_SetSystemCoreClock                             Drivers\STM32F4xx_HAL_Driver\Src\stm32f4xx_ll_utils.o
LL_mDelay                                         Drivers\STM32F4xx_HAL_Driver\Src\stm32f4xx_ll_utils.o
MemManage_Handler                                 src\stm32f4xx_it.o
NMI_Handler                                       src\stm32f4xx_it.o
OTG_FS_IRQHandler                                 startup\startup_stm32f401xe.o
OTG_FS_WKUP_IRQHandler                            startup\startup_stm32f401xe.o
PVD_IRQHandler                                    startup\startup_stm32f401xe.o
PendSV_Handler                                    src\stm32f4xx_it.o
RCC_IRQHandler                                    startup\startup_stm32f401xe.o
RTC_Alarm_IRQHandler                              startup\startup_stm32f401xe.o
RTC_WKUP_IRQHandler                               startup\startup_stm32f401xe.o
Reset_Handler                                     startup\startup_stm32f401xe.o
SDIO_IRQHandler                                   startup\startup_stm32f401xe.o
SPI1_IRQHandler                                   startup\startup_stm32f401xe.o
SPI2_IRQHandler                                   startup\startup_stm32f401xe.o
SPI3_IRQHandler                                   startup\startup_stm32f401xe.o
SPI4_IRQHandler                                   startup\startup_stm32f401xe.o
SVC_Handler                                       src\stm32f4xx_it.o
SysTick_Handler                                   src\stm32f4xx_it.o
SystemClock_Config()                              src\main.o
SystemCoreClock                                   src\system_stm32f4xx.o
                                                  Drivers\STM32F4xx_HAL_Driver\Src\stm32f4xx_ll_utils.o
                                                  Drivers\STM32F4xx_HAL_Driver\Src\stm32f4xx_hal_rcc_ex.o
                                                  Drivers\STM32F4xx_HAL_Driver\Src\stm32f4xx_hal_rcc.o
                                                  Drivers\STM32F4xx_HAL_Driver\Src\stm32f4xx_hal_dma.o
                                                  Drivers\STM32F4xx_HAL_Driver\Src\stm32f4xx_hal.o
SystemCoreClockUpdate                             src\system_stm32f4xx.o
SystemInit                                        src\system_stm32f4xx.o
                                                  startup\startup_stm32f401xe.o
TAMP_STAMP_IRQHandler                             startup\startup_stm32f401xe.o
TIM1_BRK_TIM9_IRQHandler                          startup\startup_stm32f401xe.o
TIM1_CC_IRQHandler                                startup\startup_stm32f401xe.o
TIM1_TRG_COM_TIM11_IRQHandler                     startup\startup_stm32f401xe.o
TIM1_UP_TIM10_IRQHandler                          startup\startup_stm32f401xe.o
TIM2_IRQHandler                                   startup\startup_stm32f401xe.o
TIM3_IRQHandler                                   startup\startup_stm32f401xe.o
TIM4_IRQHandler                                   startup\startup_stm32f401xe.o
TIM5_IRQHandler                                   startup\startup_stm32f401xe.o
USART1_IRQHandler                                 startup\startup_stm32f401xe.o
USART2_IRQHandler                                 startup\startup_stm32f401xe.o
USART6_IRQHandler                                 startup\startup_stm32f401xe.o
UsageFault_Handler                                src\stm32f4xx_it.o
WWDG_IRQHandler                                   startup\startup_stm32f401xe.o
__aeabi_idiv0                                     c:/program files (x86)/atollic/truestudio for stm32 9.0.1/armtools/bin/../lib/gcc/arm-atollic-eabi/6.3.1/armv7e-m/fpu\libgcc.a(_dvmd_tls.o)
__aeabi_ldiv0                                     c:/program files (x86)/atollic/truestudio for stm32 9.0.1/armtools/bin/../lib/gcc/arm-atollic-eabi/6.3.1/armv7e-m/fpu\libgcc.a(_dvmd_tls.o)
                                                  c:/program files (x86)/atollic/truestudio for stm32 9.0.1/armtools/bin/../lib/gcc/arm-atollic-eabi/6.3.1/armv7e-m/fpu\libgcc.a(_aeabi_uldivmod.o)
__aeabi_uldivmod                                  c:/program files (x86)/atollic/truestudio for stm32 9.0.1/armtools/bin/../lib/gcc/arm-atollic-eabi/6.3.1/armv7e-m/fpu\libgcc.a(_aeabi_uldivmod.o)
                                                  Drivers\STM32F4xx_HAL_Driver\Src\stm32f4xx_hal_rcc.o
__deregister_frame_info                           c:/program files (x86)/atollic/truestudio for stm32 9.0.1/armtools/bin/../lib/gcc/arm-atollic-eabi/6.3.1/armv7e-m/fpu/crtbegin.o
__dso_handle                                      c:/program files (x86)/atollic/truestudio for stm32 9.0.1/armtools/bin/../lib/gcc/arm-atollic-eabi/6.3.1/armv7e-m/fpu/crtbegin.o
__init_array_end                                  c:/program files (x86)/atollic/truestudio for stm32 9.0.1/armtools/bin/../lib/gcc/arm-atollic-eabi/6.3.1/../../../../arm-atollic-eabi/lib/armv7e-m/fpu\libc_nano.a(lib_a-init.o)
__init_array_start                                c:/program files (x86)/atollic/truestudio for stm32 9.0.1/armtools/bin/../lib/gcc/arm-atollic-eabi/6.3.1/../../../../arm-atollic-eabi/lib/armv7e-m/fpu\libc_nano.a(lib_a-init.o)
__libc_init_array                                 c:/program files (x86)/atollic/truestudio for stm32 9.0.1/armtools/bin/../lib/gcc/arm-atollic-eabi/6.3.1/../../../../arm-atollic-eabi/lib/armv7e-m/fpu\libc_nano.a(lib_a-init.o)
                                                  startup\startup_stm32f401xe.o
__preinit_array_end                               c:/program files (x86)/atollic/truestudio for stm32 9.0.1/armtools/bin/../lib/gcc/arm-atollic-eabi/6.3.1/../../../../arm-atollic-eabi/lib/armv7e-m/fpu\libc_nano.a(lib_a-init.o)
__preinit_array_start                             c:/program files (x86)/atollic/truestudio for stm32 9.0.1/armtools/bin/../lib/gcc/arm-atollic-eabi/6.3.1/../../../../arm-atollic-eabi/lib/armv7e-m/fpu\libc_nano.a(lib_a-init.o)
__register_frame_info                             c:/program files (x86)/atollic/truestudio for stm32 9.0.1/armtools/bin/../lib/gcc/arm-atollic-eabi/6.3.1/armv7e-m/fpu/crtbegin.o
__udivmoddi4                                      c:/program files (x86)/atollic/truestudio for stm32 9.0.1/armtools/bin/../lib/gcc/arm-atollic-eabi/6.3.1/armv7e-m/fpu\libgcc.a(_udivmoddi4.o)
                                                  c:/program files (x86)/atollic/truestudio for stm32 9.0.1/armtools/bin/../lib/gcc/arm-atollic-eabi/6.3.1/armv7e-m/fpu\libgcc.a(_aeabi_uldivmod.o)
_ebss                                             startup\startup_stm32f401xe.o
_edata                                            startup\startup_stm32f401xe.o
_estack                                           startup\startup_stm32f401xe.o
_fini                                             c:/program files (x86)/atollic/truestudio for stm32 9.0.1/armtools/bin/../lib/gcc/arm-atollic-eabi/6.3.1/armv7e-m/fpu/crti.o
_init                                             c:/program files (x86)/atollic/truestudio for stm32 9.0.1/armtools/bin/../lib/gcc/arm-atollic-eabi/6.3.1/armv7e-m/fpu/crti.o
                                                  c:/program files (x86)/atollic/truestudio for stm32 9.0.1/armtools/bin/../lib/gcc/arm-atollic-eabi/6.3.1/../../../../arm-atollic-eabi/lib/armv7e-m/fpu\libc_nano.a(lib_a-init.o)
_sbss                                             startup\startup_stm32f401xe.o
_sdata                                            startup\startup_stm32f401xe.o
_sidata                                           startup\startup_stm32f401xe.o
_write                                            c:/program files (x86)/atollic/truestudio for stm32 9.0.1/armtools/bin/../lib/gcc/arm-atollic-eabi/6.3.1/../../../../arm-atollic-eabi/lib/armv7e-m/fpu\libnosys.a(write.o)
                                                  src\tiny_printf.o
errno                                             c:/program files (x86)/atollic/truestudio for stm32 9.0.1/armtools/bin/../lib/gcc/arm-atollic-eabi/6.3.1/../../../../arm-atollic-eabi/lib/armv7e-m/fpu\libnosys.a(errno.o)
                                                  c:/program files (x86)/atollic/truestudio for stm32 9.0.1/armtools/bin/../lib/gcc/arm-atollic-eabi/6.3.1/../../../../arm-atollic-eabi/lib/armv7e-m/fpu\libnosys.a(write.o)
errorHandler                                      src\main.o
fiprintf                                          src\tiny_printf.o
fprintf                                           src\tiny_printf.o
fputs                                             src\tiny_printf.o
fwrite                                            src\tiny_printf.o
g_pfnVectors                                      startup\startup_stm32f401xe.o
iprintf                                           src\tiny_printf.o
main                                              src\main.o
                                                  startup\startup_stm32f401xe.o
pFlash                                            Drivers\STM32F4xx_HAL_Driver\Src\stm32f4xx_hal_flash.o
                                                  Drivers\STM32F4xx_HAL_Driver\Src\stm32f4xx_hal_flash_ex.o
printf                                            src\tiny_printf.o
puts                                              src\tiny_printf.o
siprintf                                          src\tiny_printf.o
sprintf                                           src\tiny_printf.o
strlen                                            c:/program files (x86)/atollic/truestudio for stm32 9.0.1/armtools/bin/../lib/gcc/arm-atollic-eabi/6.3.1/../../../../arm-atollic-eabi/lib/armv7e-m/fpu\libc_nano.a(lib_a-strlen.o)
                                                  src\tiny_printf.o
ts_formatlength                                   src\tiny_printf.o
ts_formatstring                                   src\tiny_printf.o
ts_itoa                                           src\tiny_printf.o
uwTick                                            Drivers\STM32F4xx_HAL_Driver\Src\stm32f4xx_hal.o
uwTickFreq                                        Drivers\STM32F4xx_HAL_Driver\Src\stm32f4xx_hal.o
uwTickPrio                                        Drivers\STM32F4xx_HAL_Driver\Src\stm32f4xx_hal.o
