Stepper.cpp:30:1:Stepper::Stepper(GPIO_TypeDef*, uint32_t, GPIO_TypeDef*, uint32_t, GPIO_TypeDef*, uint32_t, bool)	32	static
Stepper.cpp:53:1:Stepper::Stepper(GPIO_TypeDef*, uint32_t, GPIO_TypeDef*, uint32_t, bool)	32	static
Stepper.cpp:69:1:Stepper::~Stepper()	16	static
Stepper.cpp:79:6:void Stepper::step()	32	static
Stepper.cpp:87:6:void Stepper::direction(uint8_t)	0	static
Stepper.cpp:104:9:uint8_t Stepper::getDirection()	8	static
Stepper.cpp:121:6:void Stepper::invertDirection()	0	static
Stepper.cpp:126:6:void Stepper::enable()	0	static
Stepper.cpp:133:6:void Stepper::disable()	0	static
Stepper.cpp:140:6:bool Stepper::isEnabled()	8	static
